// Jest Snapshot v1, https://goo.gl/fbAQLP

exports[`Verify stryker has ran correctly should report correct score 1`] = `
Object {
  "compileErrors": 0,
  "ignored": 0,
  "killed": 4,
  "mutationScore": 23.52941176470588,
  "mutationScoreBasedOnCoveredCode": 23.52941176470588,
  "noCoverage": 0,
  "runtimeErrors": 0,
  "survived": 13,
  "timeout": 0,
  "totalCovered": 17,
  "totalDetected": 4,
  "totalInvalid": 0,
  "totalMutants": 17,
  "totalUndetected": 13,
  "totalValid": 17,
}
`;
