// Jest Snapshot v1, https://goo.gl/fbAQLP

exports[`Verify stryker has ran correctly should report correct score 1`] = `
Object {
  "compileErrors": 35,
  "ignored": 0,
  "killed": 16,
  "mutationScore": 61.53846153846154,
  "mutationScoreBasedOnCoveredCode": 61.53846153846154,
  "noCoverage": 0,
  "pending": 0,
  "runtimeErrors": 1,
  "survived": 10,
  "timeout": 0,
  "totalCovered": 26,
  "totalDetected": 16,
  "totalInvalid": 36,
  "totalMutants": 62,
  "totalUndetected": 10,
  "totalValid": 26,
}
`;
