// Jest Snapshot v1, https://goo.gl/fbAQLP

exports[`Verify stryker has ran correctly should report correct score 1`] = `
Object {
  "compileErrors": 0,
  "ignored": 0,
  "killed": 11,
  "mutationScore": 70,
  "mutationScoreBasedOnCoveredCode": 70,
  "noCoverage": 0,
  "runtimeErrors": 0,
  "survived": 6,
  "timeout": 3,
  "totalCovered": 20,
  "totalDetected": 14,
  "totalInvalid": 0,
  "totalMutants": 20,
  "totalUndetected": 6,
  "totalValid": 20,
}
`;
