// Jest Snapshot v1, https://goo.gl/fbAQLP

exports[`Verify stryker has ran correctly should report correct score 1`] = `
Object {
  "compileErrors": 0,
  "ignored": 2,
  "killed": 9,
  "mutationScore": 50,
  "mutationScoreBasedOnCoveredCode": 90,
  "noCoverage": 8,
  "pending": 0,
  "runtimeErrors": 0,
  "survived": 1,
  "timeout": 0,
  "totalCovered": 10,
  "totalDetected": 9,
  "totalInvalid": 0,
  "totalMutants": 20,
  "totalUndetected": 9,
  "totalValid": 18,
}
`;
