// Jest Snapshot v1, https://goo.gl/fbAQLP

exports[`Verify stryker has ran correctly should report correct score 1`] = `
Object {
  "compileErrors": 0,
  "ignored": 0,
  "killed": 16,
  "mutationScore": 64,
  "mutationScoreBasedOnCoveredCode": 94.11764705882352,
  "noCoverage": 8,
  "runtimeErrors": 0,
  "survived": 1,
  "timeout": 0,
  "totalCovered": 17,
  "totalDetected": 16,
  "totalInvalid": 0,
  "totalMutants": 25,
  "totalUndetected": 9,
  "totalValid": 25,
}
`;
