// Jest Snapshot v1, https://goo.gl/fbAQLP

exports[`After running stryker on jest-react project should report expected scores 1`] = `
Object {
  "compileErrors": 0,
  "ignored": 32,
  "killed": 8,
  "mutationScore": 50,
  "mutationScoreBasedOnCoveredCode": 100,
  "noCoverage": 8,
  "pending": 0,
  "runtimeErrors": 0,
  "survived": 0,
  "timeout": 0,
  "totalCovered": 8,
  "totalDetected": 8,
  "totalInvalid": 0,
  "totalMutants": 48,
  "totalUndetected": 8,
  "totalValid": 16,
}
`;
