// Jest Snapshot v1, https://goo.gl/fbAQLP

exports[`After running stryker on VueJS project should report ~29% mutation score 1`] = `
Object {
  "compileErrors": 0,
  "ignored": 0,
  "killed": 4,
  "mutationScore": 29.411764705882355,
  "mutationScoreBasedOnCoveredCode": 41.66666666666667,
  "noCoverage": 5,
  "runtimeErrors": 0,
  "survived": 7,
  "timeout": 1,
  "totalCovered": 12,
  "totalDetected": 5,
  "totalInvalid": 0,
  "totalMutants": 17,
  "totalUndetected": 12,
  "totalValid": 17,
}
`;
