// Jest Snapshot v1, https://goo.gl/fbAQLP

exports[`Verify stryker has ran correctly should report correct score 1`] = `
Object {
  "compileErrors": 0,
  "ignored": 0,
  "killed": 9,
  "mutationScore": 64.28571428571429,
  "mutationScoreBasedOnCoveredCode": 64.28571428571429,
  "noCoverage": 0,
  "runtimeErrors": 0,
  "survived": 5,
  "timeout": 0,
  "totalCovered": 14,
  "totalDetected": 9,
  "totalInvalid": 0,
  "totalMutants": 14,
  "totalUndetected": 5,
  "totalValid": 14,
}
`;
