// Jest Snapshot v1, https://goo.gl/fbAQLP

exports[`After running stryker on a cucumber-ts project should report expected scores 1`] = `
Object {
  "compileErrors": 0,
  "ignored": 0,
  "killed": 66,
  "mutationScore": 45.89041095890411,
  "mutationScoreBasedOnCoveredCode": 62.616822429906534,
  "noCoverage": 39,
  "runtimeErrors": 17,
  "survived": 40,
  "timeout": 1,
  "totalCovered": 107,
  "totalDetected": 67,
  "totalInvalid": 17,
  "totalMutants": 163,
  "totalUndetected": 79,
  "totalValid": 146,
}
`;
