// Jest Snapshot v1, https://goo.gl/fbAQLP

exports[`After running stryker on jest-react-ts project should report expected scores 1`] = `
Object {
  "compileErrors": 0,
  "ignored": 0,
  "killed": 61,
  "mutationScore": 61.111111111111114,
  "mutationScoreBasedOnCoveredCode": 73.33333333333333,
  "noCoverage": 18,
  "runtimeErrors": 0,
  "survived": 24,
  "timeout": 5,
  "totalCovered": 90,
  "totalDetected": 66,
  "totalInvalid": 0,
  "totalMutants": 108,
  "totalUndetected": 42,
  "totalValid": 108,
}
`;
