// Jest Snapshot v1, https://goo.gl/fbAQLP

exports[`After running stryker on angular project should report mutation score 1`] = `
Object {
  "compileErrors": 0,
  "ignored": 27,
  "killed": 5,
  "mutationScore": 31.25,
  "mutationScoreBasedOnCoveredCode": 62.5,
  "noCoverage": 8,
  "pending": 0,
  "runtimeErrors": 0,
  "survived": 3,
  "timeout": 0,
  "totalCovered": 8,
  "totalDetected": 5,
  "totalInvalid": 0,
  "totalMutants": 43,
  "totalUndetected": 11,
  "totalValid": 16,
}
`;
