// Jest Snapshot v1, https://goo.gl/fbAQLP

exports[`After running stryker on angular project should report mutation score 1`] = `
Object {
  "compileErrors": 0,
  "ignored": 20,
  "killed": 2,
  "mutationScore": 16.666666666666664,
  "mutationScoreBasedOnCoveredCode": 40,
  "noCoverage": 7,
  "pending": 0,
  "runtimeErrors": 0,
  "survived": 3,
  "timeout": 0,
  "totalCovered": 5,
  "totalDetected": 2,
  "totalInvalid": 0,
  "totalMutants": 32,
  "totalUndetected": 10,
  "totalValid": 12,
}
`;
