// Jest Snapshot v1, https://goo.gl/fbAQLP

exports[`After running stryker on angular project should report mutation score 1`] = `
Object {
  "compileErrors": 0,
  "ignored": 27,
  "killed": 5,
  "mutationScore": 33.33333333333333,
  "mutationScoreBasedOnCoveredCode": 62.5,
  "noCoverage": 7,
  "pending": 0,
  "runtimeErrors": 0,
  "survived": 3,
  "timeout": 0,
  "totalCovered": 8,
  "totalDetected": 5,
  "totalInvalid": 0,
  "totalMutants": 42,
  "totalUndetected": 10,
  "totalValid": 15,
}
`;
