// Jest Snapshot v1, https://goo.gl/fbAQLP

exports[`Verify stryker has ran correctly should report correct score 1`] = `
Object {
  "compileErrors": 0,
  "ignored": 0,
  "killed": 16,
  "mutationScore": 63.33333333333333,
  "mutationScoreBasedOnCoveredCode": 79.16666666666666,
  "noCoverage": 6,
  "pending": 0,
  "runtimeErrors": 0,
  "survived": 5,
  "timeout": 3,
  "totalCovered": 24,
  "totalDetected": 19,
  "totalInvalid": 0,
  "totalMutants": 30,
  "totalUndetected": 11,
  "totalValid": 30,
}
`;
