// Jest Snapshot v1, https://goo.gl/fbAQLP

exports[`Verify stryker has ran correctly should report correct score 1`] = `
Object {
  "compileErrors": 0,
  "ignored": 2,
  "killed": 14,
  "mutationScore": 65.38461538461539,
  "mutationScoreBasedOnCoveredCode": 85,
  "noCoverage": 6,
  "pending": 0,
  "runtimeErrors": 0,
  "survived": 3,
  "timeout": 3,
  "totalCovered": 20,
  "totalDetected": 17,
  "totalInvalid": 0,
  "totalMutants": 28,
  "totalUndetected": 9,
  "totalValid": 26,
}
`;
