// Jest Snapshot v1, https://goo.gl/fbAQLP

exports[`Verify stryker has ran correctly should report correct score 1`] = `
Object {
  "compileErrors": 0,
  "ignored": 4,
  "killed": 10,
  "mutationScore": 76.92307692307693,
  "mutationScoreBasedOnCoveredCode": 76.92307692307693,
  "noCoverage": 0,
  "pending": 0,
  "runtimeErrors": 0,
  "survived": 3,
  "timeout": 0,
  "totalCovered": 13,
  "totalDetected": 10,
  "totalInvalid": 0,
  "totalMutants": 17,
  "totalUndetected": 3,
  "totalValid": 13,
}
`;
