// Jest Snapshot v1, https://goo.gl/fbAQLP

exports[`Verify stryker has ran correctly should report correct score 1`] = `
Object {
  "compileErrors": 0,
  "ignored": 0,
  "killed": 8,
  "mutationScore": 72.72727272727273,
  "mutationScoreBasedOnCoveredCode": 88.88888888888889,
  "noCoverage": 2,
  "pending": 0,
  "runtimeErrors": 0,
  "survived": 1,
  "timeout": 0,
  "totalCovered": 9,
  "totalDetected": 8,
  "totalInvalid": 0,
  "totalMutants": 11,
  "totalUndetected": 3,
  "totalValid": 11,
}
`;
