// Jest Snapshot v1, https://goo.gl/fbAQLP

exports[`Verify stryker has ran correctly should report expected score 1`] = `
Object {
  "compileErrors": 0,
  "ignored": 0,
  "killed": 27,
  "mutationScore": 57.446808510638306,
  "mutationScoreBasedOnCoveredCode": 57.446808510638306,
  "noCoverage": 0,
  "runtimeErrors": 1,
  "survived": 20,
  "timeout": 0,
  "totalCovered": 47,
  "totalDetected": 27,
  "totalInvalid": 1,
  "totalMutants": 48,
  "totalUndetected": 20,
  "totalValid": 47,
}
`;
