// Jest Snapshot v1, https://goo.gl/fbAQLP

exports[`Verify stryker has ran correctly should report expected score 1`] = `
Object {
  "compileErrors": 0,
  "ignored": 0,
  "killed": 25,
  "mutationScore": 51.02040816326531,
  "mutationScoreBasedOnCoveredCode": 51.02040816326531,
  "noCoverage": 0,
  "pending": 0,
  "runtimeErrors": 1,
  "survived": 24,
  "timeout": 0,
  "totalCovered": 49,
  "totalDetected": 25,
  "totalInvalid": 1,
  "totalMutants": 50,
  "totalUndetected": 24,
  "totalValid": 49,
}
`;
