// Jest Snapshot v1, https://goo.gl/fbAQLP

exports[`Verify stryker has ran correctly should report correct score 1`] = `
Object {
  "compileErrors": 0,
  "ignored": 0,
  "killed": 5,
  "mutationScore": 62.5,
  "mutationScoreBasedOnCoveredCode": 83.33333333333334,
  "noCoverage": 2,
  "pending": 0,
  "runtimeErrors": 0,
  "survived": 1,
  "timeout": 0,
  "totalCovered": 6,
  "totalDetected": 5,
  "totalInvalid": 0,
  "totalMutants": 8,
  "totalUndetected": 3,
  "totalValid": 8,
}
`;
