// Jest Snapshot v1, https://goo.gl/fbAQLP

exports[`Verify stryker has ran correctly should report correct score 1`] = `
Object {
  "compileErrors": 0,
  "ignored": 0,
  "killed": 13,
  "mutationScore": 69.56521739130434,
  "mutationScoreBasedOnCoveredCode": 84.21052631578947,
  "noCoverage": 4,
  "pending": 0,
  "runtimeErrors": 0,
  "survived": 3,
  "timeout": 3,
  "totalCovered": 19,
  "totalDetected": 16,
  "totalInvalid": 0,
  "totalMutants": 23,
  "totalUndetected": 7,
  "totalValid": 23,
}
`;
