// Jest Snapshot v1, https://goo.gl/fbAQLP

exports[`Verify stryker has ran correctly should report correct score 1`] = `
Object {
  "compileErrors": 0,
  "ignored": 2,
  "killed": 14,
  "mutationScore": 70.83333333333334,
  "mutationScoreBasedOnCoveredCode": 85,
  "noCoverage": 4,
  "pending": 0,
  "runtimeErrors": 0,
  "survived": 3,
  "timeout": 3,
  "totalCovered": 20,
  "totalDetected": 17,
  "totalInvalid": 0,
  "totalMutants": 26,
  "totalUndetected": 7,
  "totalValid": 24,
}
`;
